>> Got issues: [
OccursCheckOnArrows.fst(18,15-18,16): (Error 54) _: (*?u48*) _ -> Prims.Tot (*?u47*) _ is not a subtype of the expected type (*?u48*) _ (see also OccursCheckOnArrows.fst(18,9-18,10))
>>]
Verified module: OccursCheckOnArrows
All verification conditions discharged successfully
