Module after desugaring:
module Sequence
Declarations: [
let blah _ = () <: Prims.unit
let test _ =
  Sequence.blah ();
  Sequence.blah ();
  123
]
Exports: [
let blah _ = () <: Prims.unit
let test _ =
  Sequence.blah ();
  Sequence.blah ();
  123
]

Module before type checking:
module Sequence
Declarations: [
let blah _ = () <: Prims.unit
let test _ =
  Sequence.blah ();
  Sequence.blah ();
  123
]
Exports: [
let blah _ = () <: Prims.unit
let test _ =
  Sequence.blah ();
  Sequence.blah ();
  123
]

Module after type checking:
module Sequence
Declarations: [
let blah _ = () <: Prims.unit
let test _ =
  Sequence.blah ();
  Sequence.blah ();
  123
]
Exports: [
let blah _ = () <: Prims.unit
let test _ =
  Sequence.blah ();
  Sequence.blah ();
  123
]

Verified module: Sequence
All verification conditions discharged successfully
