>> Got issues: [
WPExtensionality.fst(118,3-118,34): (Error 19) assertion failed (Also see: prims.fst(424,31-424,44))(Other related locations: prims.fst(421,71-421,83)); The SMT solver could not prove the query. Use --query_stats for more details.
>>]
Verified module: WPExtensionality
All verification conditions discharged successfully
