{"kind": "protocol-info", "rest": "[...]"}
{"kind": "response", "query-id": "1", "response": null, "status": "success"}
