{"kind": "protocol-info", "rest": "[...]"}
{"kind": "response", "query-id": "1", "response": [{"level": "warning", "message": "Pattern [\n  Prims.smt_pat_or [\n      [Prims.smt_pat (x << l); Prims.smt_pat (l == l1 @ FStar.Pervasives.Native.Mktuple2 x y :: l2)];\n      [Prims.smt_pat (y << l); Prims.smt_pat (l == l1 @ FStar.Pervasives.Native.Mktuple2 x y :: l2)]\n    ]\n] uses theory symbols:  Prims.eq2 Prims.eq2", "ranges": [{"beg": [1010, 2], "end": [1010, 136], "fname": "FStar.List.Tot.Properties.fst"}]}, {"level": "warning", "message": "Pattern [\n  Prims.smt_pat (FStar.Seq.Properties.cons (FStar.Seq.Base.index s i)\n        (FStar.Seq.Base.slice s (i + 1) j))\n] uses theory symbols:  Prims.op_Addition 1", "ranges": [{"beg": [939, 2], "end": [939, 49], "fname": "FStar.Seq.Properties.fst"}]}, {"level": "warning", "message": "Pattern [Prims.smt_pat (FStar.Seq.Base.slice s 0 (FStar.Seq.Base.length s))] uses theory symbols:  0", "ranges": [{"beg": [958, 2], "end": [958, 33], "fname": "FStar.Seq.Properties.fst"}]}], "status": "success"}
{"kind": "response", "query-id": "2", "response": [{"lid": "append_cons_snoc", "type": "u[...]: seq a -> x: a -> v: seq a\n  -> Prims.Lemma unit (equal (append u[...] (cons x v)) (append (snoc u[...] x) v)) []"}, {"lid": "lemma_cons_snoc", "type": "hd: a -> s: seq a -> tl: a\n  -> Prims.Lemma unit (equal (cons hd (snoc s tl)) (snoc (cons hd s) tl)) []"}], "status": "success"}
{"kind": "response", "query-id": "3", "response": [{"lid": "lemma_cons_snoc", "type": "hd: a -> s: seq a -> tl: a\n  -> Prims.Lemma unit (equal (cons hd (snoc s tl)) (snoc (cons hd s) tl)) []"}], "status": "success"}
{"kind": "response", "query-id": "4", "response": [{"lid": "append_cons_snoc", "type": "u[...]: seq a -> x: a -> v: seq a\n  -> Prims.Lemma unit (equal (append u[...] (cons x v)) (append (snoc u[...] x) v)) []"}], "status": "success"}
