(Error 187) Cannot extract effect InformativeIndices.M
1 error was reported (see above)
